// Jest Snapshot v1, https://goo.gl/fbAQLP

exports[`renders App.js correctly 1`] = `
<div
  id="things"
>
  <main
    id="links"
  >
    <a
      href="/"
      onClick={[Function]}
    >
      home
    </a>
    <span>
       / 
    </span>
    <a
      href="/about-me/about"
      onClick={[Function]}
    >
      about
    </a>
  </main>
  <div>
    <header>
      <a
        href="../"
      >
        <img
          alt="Pokemon"
          className="logo"
          src="https://i.ebayimg.com/images/g/8bMAAOSwxp9W-TVs/s-l400.jpg"
        />
      </a>
      <h1>
        Pokedex
      </h1>
    </header>
  </div>
  <div>
    <div
      className="search"
    >
      <form
        id="form-submit"
        onSubmit={[Function]}
      >
        <input
          onChange={[Function]}
        />
        <button
          id="submit"
        >
          search
        </button>
      </form>
    </div>
    <div>
      <button
        className="paging-button"
        disabled={true}
        onClick={[Function]}
      >
        LAST
      </button>
      <button
        className="paging-button"
        onClick={[Function]}
      >
        NEXT
      </button>
    </div>
    <ul
      className="pokes"
    />
    <div>
      <button
        className="paging-button"
        disabled={true}
        onClick={[Function]}
      >
        LAST
      </button>
      <button
        className="paging-button"
        onClick={[Function]}
      >
        NEXT
      </button>
    </div>
  </div>
  <div>
    <span
      id="copyright"
    >
      Â© 2020 - Poke Nerds LLC
    </span>
  </div>
</div>
`;
